#-----------------------------------------------------------
# Vivado v2018.3 (64-bit)
# SW Build 2405991 on Thu Dec  6 23:36:41 MST 2018
# IP Build 2404404 on Fri Dec  7 01:43:56 MST 2018
# Start of session at: Wed Apr  1 17:06:16 2020
# Process ID: 26978
# Current directory: /home/rootie
# Command line: vivado -log /home/rootie/.vivado/vivado.log -journal /home/rootie/.vivado/vivado.jou -tempDir /home/rootie/.vivado
# Log file: /home/rootie/.vivado/vivado.log
# Journal file: /home/rootie/.vivado/vivado.jou
#-----------------------------------------------------------
start_gui
create_project managed_ip_project /home/rootie/Documents/projects/uart/uart.ip_user_files/managed_ip_project -part xc7k70tfbv676-1 -ip
set_property target_simulator XSim [current_project]
set_property  ip_repo_paths  /home/rootie/Documents/projects/uart/uart.ip_user_files [current_project]
update_ip_catalog
set_property  ip_repo_paths  {} [current_project]
update_ip_catalog
set_property  ip_repo_paths  /home/rootie/Documents/projects/uart/uart.srcs [current_project]
update_ip_catalog
set_property  ip_repo_paths  {} [current_project]
update_ip_catalog
